[backblue.gif]
[fade.gif]
[index.html]
[localhost/wp/xmlrpc0db0.php]
[localhost/wp/feed/index.html]
[localhost/wp/wp-includes/wlwmanifest.xml]
[localhost/wp/wp-json/oembed/1.0/embedc564.json]
[localhost/wp/comments/feed/index.html]
[localhost/wp/wp-json/oembed/1.0/embedf054]
[localhost/wp/wp-json/index.html]
[localhost/wp/wp-content/uploads/2017/11/cropped-banner.jpg]
[localhost/wp/wp-content/uploads/2017/11/withpeople-300x225.jpg]
[localhost/wp/wp-includes/js/comment-reply.min33a6.js]
[localhost/wp/wp-includes/js/wp-embed.min33a6.js]
[localhost/wp/index.html]
[localhost/wp/wp-content/themes/twentyten/images/wordpress.png]
[localhost/wp/wp-content/themes/twentyten/style.css]
[localhost/wp/xmlrpc.php]
[localhost/wp/wp-json/oembed/1.0/embed3d7a.json]
[localhost/wp/wp-json/oembed/1.0/embedadb0]
[localhost/wp/基地简介/index.html]
[localhost/wp/wp-json/oembed/1.0/embedd3f0.json]
[localhost/wp/wp-json/oembed/1.0/embed80d2]
[localhost/wp/wp-content/uploads/2017/11/land-150x150.jpg]
[localhost/wp/wp-content/uploads/2017/11/daermao-150x150.jpg]
[localhost/wp/wp-content/uploads/2017/11/sead-150x150.jpg]
[localhost/wp/wp-content/uploads/2017/11/sead2-150x150.jpg]
[localhost/wp/产品展示/index.html]
[localhost/wp/wp-json/oembed/1.0/embedd994.json]
[localhost/wp/wp-json/oembed/1.0/embedc409]
[localhost/wp/联系/index.html]
[localhost/wp/2017/11/index.html]
[localhost/wp/wp-admin/load-styles4b7a.css]
[localhost/wp/wp-login.html]
[localhost/wp/index2df4.html]
[localhost/wp/indexdd23.html]
[localhost/wp/wp-json/oembed/1.0/embedfcdf.json]
[localhost/wp/产品展示/land/feed/index.html]
[localhost/wp/wp-json/oembed/1.0/embed321e]
[localhost/wp/wp-content/uploads/2017/11/land.jpg]
[localhost/wp/产品展示/land/index.html]
[localhost/wp/wp-json/oembed/1.0/embedf00c.json]
[localhost/wp/feed/indexc4fb.html]
[localhost/wp/wp-json/oembed/1.0/embed28fa]
[localhost/wp/daermao/index.html]
[localhost/wp/wp-content/uploads/2017/11/daermao.jpg]
[localhost/wp/wp-json/oembed/1.0/embed5043.json]
[localhost/wp/feed/index7335.html]
[localhost/wp/wp-json/oembed/1.0/embed9be3]
[localhost/wp/sead/index.html]
[localhost/wp/wp-content/uploads/2017/11/sead.jpg]
[localhost/wp/wp-json/oembed/1.0/embeda247.json]
[localhost/wp/feed/index28e4.html]
[localhost/wp/wp-json/oembed/1.0/embed1d29]
[localhost/wp/wp-content/uploads/2017/11/sead2.jpg]
[localhost/wp/sead2/index.html]
[localhost/wp/indexb5fb.html]
[localhost/wp/wp-json/oembed/1.0/embeddbf6.json]
[localhost/wp/2017/11/19/hello-world/feed/index.html]
[localhost/wp/wp-json/oembed/1.0/embeda9a7]
[localhost/wp/2017/11/19/hello-world/index.html]
[localhost/wp/author/shanliang/index.html]
[localhost/wp/author/shanliang/feed/index.html]
[localhost/wp/category/uncategorized/index.html]
[localhost/wp/category/uncategorized/feed/index.html]
[localhost/wp/wp-includes/fonts/dashicons.eot]
[localhost/wp/wp-admin/images/loading.gif]
[localhost/wp/wp-admin/images/w-logo-blue7a53.png]
[localhost/wp/wp-admin/load-styles4b7a.css]
[localhost/wp/wp-admin/index.html]
[localhost/wp/wp-loginc2b6.html]
[localhost/wp/indexcb30.html]
[localhost/wp/index4170.html]
[localhost/wp/wp-json/oembed/1.0/embedef81.json]
[localhost/wp/feed/indexac17.html]
[localhost/wp/wp-json/oembed/1.0/embed8fe4]
[localhost/wp/daermao2/index.html]
[localhost/wp/wp-content/uploads/2017/11/daermao2.jpg]
[localhost/wp/wp-json/oembed/1.0/embedc6d1.json]
[localhost/wp/feed/indexb3a2.html]
[localhost/wp/wp-json/oembed/1.0/embed1f70]
[localhost/wp/banner/index.html]
[localhost/wp/wp-content/uploads/2017/11/banner.jpg]
[localhost/wp/index94b0.html]
[localhost/wp/wp-json/oembed/1.0/embeda7ed.json]
[localhost/wp/feed/index2489.html]
[localhost/wp/wp-json/oembed/1.0/embed030c]
[localhost/wp/daermao3/index.html]
[localhost/wp/wp-content/uploads/2017/11/daermao3.jpg]
[localhost/wp/index0012.html]
[localhost/wp/wp-json/oembed/1.0/embed4053.json]
[localhost/wp/feed/index3701.html]
[localhost/wp/wp-json/oembed/1.0/embed1b02]
[localhost/wp/cropped-banner-jpg/index.html]
[localhost/wp/indexcff1.html]
[localhost/wp/2017/11/19/hello-world/index6809.html]
[localhost/wp/wp-admin/images/wordpress-logo7d6b.svg]
[localhost/wp/wp-login1181.html]
[localhost/wp/index49b1.html]
[localhost/wp/indexfbd5.html]
[localhost/wp/index5e74.html]
[localhost/wp/index8cf7.html]
[localhost/wp/wp-admin/&reauth=1.html]
