[backblue.gif]
[fade.gif]
[index.html]
[localhost/wp/feed/index.html]
[localhost/wp/comments/feed/index.html]
[localhost/wp/wp-includes/js/jquery/jqueryb8ff.js]
[localhost/wp/wp-includes/js/jquery/jquery-migrate.min330a.js]
[localhost/wp/xmlrpc0db0.php]
[localhost/wp/wp-includes/wlwmanifest.xml]
[localhost/wp/wp-json/index.html]
[localhost/wp/wp-json/oembed/1.0/embedc564.json]
[localhost/wp/wp-json/oembed/1.0/embedf054]
[localhost/wp/wp-content/themes/twentysixteen/js/skip-link-focus-fix8de4.js]
[localhost/wp/wp-content/themes/twentysixteen/js/functions8de4.js]
[localhost/wp/wp-includes/js/wp-embed.min33a6.js]
[localhost/wp/index.html]
[localhost/wp/wp-content/themes/twentysixteen/genericons/Genericons.eot]
[localhost/wp/wp-content/themes/twentysixteen/genericons/Genericons.ttf]
[localhost/wp/wp-content/themes/twentysixteen/genericons/genericons5589.css]
[localhost/wp/wp-content/themes/twentysixteen/genericons/Genericonsd41d.eot]
[localhost/wp/wp-content/themes/twentysixteen/style33a6.css]
[localhost/wp/wp-content/themes/twentysixteen/genericons/Genericons.svg]
